2025/09/18 18:02:22 sync_db.go:47: 172.27.208.1	givParineh99F01	1433	sa	@M1r@rsh1@	false
2025/09/18 18:02:37 portal.go:561: DEBUG: downloading csv path from /site/resources/temp/aac2115058c84d8b8010ca4dbf873267.csv 
2025/09/18 18:04:01 sync_db.go:47: 172.27.208.1	givParineh99F01	1433	sa	@M1r@rsh1@	false
2025/09/18 18:04:18 portal.go:561: DEBUG: downloading csv path from /site/resources/temp/88bc675d56fb44108b774fd4dc2cc89c.csv 
2025/09/18 18:06:43 sync_db.go:47: 172.27.208.1	givParineh99F01	1433	sa	@M1r@rsh1@	false
2025/09/18 18:06:59 portal.go:561: DEBUG: downloading csv path from /site/resources/temp/39f8e1aad96a4c909b05c1b86c1cb409.csv 
2025/09/18 18:07:01 portal.go:610: Updating variant : کیف زنانه چرم ترکیبی کد 1869 with Sku Of 86790001000
2025/09/18 18:07:33 update.go:31: Updating Variant {"id":115002913,"product_id":175270102,"title":"کیف زنانه چرم ترکیبی کد 1869","price":0,"tax":null,"shipping":null,"weight":null,"length":null,"width":null,"height":null,"stock":1,"minimum":null,"maximum":null,"sku":"86790001000","image":null,"type":"commodity","status":["approved","online_payment","bank_payment","cash_on_delivery","shipping_required"],"files":null}
2025/09/18 18:07:33 portal.go:610: Updating variant : کیف زنانه چرم ترکیبی کد 1958 with Sku Of 87423012000
2025/09/18 18:07:39 update.go:31: Updating Variant {"id":115002908,"product_id":175270090,"title":"کیف زنانه چرم ترکیبی کد 1958","price":0,"tax":null,"shipping":null,"weight":null,"length":null,"width":null,"height":null,"stock":1,"minimum":null,"maximum":null,"sku":"87423012000","image":null,"type":"commodity","status":["approved","online_payment","bank_payment","cash_on_delivery","shipping_required"],"files":null}
2025/09/18 18:07:39 portal.go:610: Updating variant : کیف زنانه چرم ترکیبی کد 1958 with Sku Of 87420006000
2025/09/18 18:08:13 update.go:31: Updating Variant {"id":115002885,"product_id":175270038,"title":"کیف زنانه چرم ترکیبی کد 1958","price":0,"tax":null,"shipping":null,"weight":null,"length":null,"width":null,"height":null,"stock":1,"minimum":null,"maximum":null,"sku":"87420006000","image":null,"type":"commodity","status":["approved","online_payment","bank_payment","cash_on_delivery","shipping_required"],"files":null}
2025/09/18 18:08:13 portal.go:610: Updating variant : کیف زنانه چرم ترکیبی کد 1937 with Sku Of 87488581000
2025/09/18 18:08:20 portal.go:610: Updating variant : کیف زنانه چرم ترکیبی کد 1937 with Sku Of 87480017000
2025/09/18 18:08:27 update.go:31: Updating Variant {"id":115002844,"product_id":175269905,"title":"کیف زنانه چرم ترکیبی کد 1937","price":0,"tax":null,"shipping":null,"weight":null,"length":null,"width":null,"height":null,"stock":1,"minimum":null,"maximum":null,"sku":"87480017000","image":null,"type":"commodity","status":["approved","online_payment","bank_payment","cash_on_delivery","shipping_required"],"files":null}
2025/09/18 18:08:28 portal.go:610: Updating variant : کیف زنانه چرم ترکیبی کد 1924 with Sku Of 87470001000
2025/09/18 18:08:33 update.go:31: Updating Variant {"id":115002815,"product_id":175269834,"title":"کیف زنانه چرم ترکیبی کد 1924","price":0,"tax":null,"shipping":null,"weight":null,"length":null,"width":null,"height":null,"stock":0,"minimum":null,"maximum":null,"sku":"87470001000","image":null,"type":"commodity","status":["approved","online_payment","bank_payment","cash_on_delivery","shipping_required"],"files":null}
2025/09/18 18:08:34 portal.go:610: Updating variant : کیف زنانه چرم ترکیبی کد 1924 with Sku Of 87470017000
2025/09/18 18:08:39 update.go:31: Updating Variant {"id":115002805,"product_id":175269808,"title":"کیف زنانه چرم ترکیبی کد 1924","price":0,"tax":null,"shipping":null,"weight":null,"length":null,"width":null,"height":null,"stock":1,"minimum":null,"maximum":null,"sku":"87470017000","image":null,"type":"commodity","status":["approved","online_payment","bank_payment","cash_on_delivery","shipping_required"],"files":null}
2025/09/18 18:08:39 portal.go:610: Updating variant : کیف زنانه چرم ترکیبی کد 1924 with Sku Of 0087470004000
2025/09/18 18:08:44 update.go:31: Updating Variant {"id":115002801,"product_id":175269805,"title":"کیف زنانه چرم ترکیبی کد 1924","price":0,"tax":null,"shipping":null,"weight":null,"length":null,"width":null,"height":null,"stock":1,"minimum":null,"maximum":null,"sku":"0087470004000","image":null,"type":"commodity","status":["approved","online_payment","bank_payment","cash_on_delivery","shipping_required"],"files":null}
2025/09/18 18:08:44 portal.go:610: Updating variant : کیف زنانه چرم ترکیبی کد 1965 with Sku Of 0087400001000
2025/09/18 18:08:50 update.go:31: Updating Variant {"id":115002652,"product_id":175269505,"title":"کیف زنانه چرم ترکیبی کد 1965","price":0,"tax":null,"shipping":null,"weight":null,"length":null,"width":null,"height":null,"stock":2,"minimum":null,"maximum":null,"sku":"87400001000","image":null,"type":"commodity","status":["approved","online_payment","bank_payment","cash_on_delivery","shipping_required"],"files":null}
2025/09/18 18:08:50 portal.go:610: Updating variant : کیف زنانه چرم ترکیبی کد 1965 with Sku Of 0087400009000
2025/09/18 18:08:58 update.go:31: Updating Variant {"id":115002650,"product_id":175269503,"title":"کیف زنانه چرم ترکیبی کد 1965","price":0,"tax":null,"shipping":null,"weight":null,"length":null,"width":null,"height":null,"stock":1,"minimum":null,"maximum":null,"sku":"87400009000","image":null,"type":"commodity","status":["approved","online_payment","bank_payment","cash_on_delivery","shipping_required"],"files":null}
2025/09/18 18:08:58 portal.go:610: Updating variant : کیف زنانه چرم ترکیبی کد 1965 with Sku Of 0087400017000
2025/09/18 18:09:03 update.go:31: Updating Variant {"id":115002630,"product_id":175269449,"title":"کیف زنانه چرم ترکیبی کد 1965","price":0,"tax":null,"shipping":null,"weight":null,"length":null,"width":null,"height":null,"stock":1,"minimum":null,"maximum":null,"sku":"87400017000","image":null,"type":"commodity","status":["approved","online_payment","bank_payment","cash_on_delivery","shipping_required"],"files":null}
2025/09/18 18:09:04 portal.go:610: Updating variant : کیف زنانه چرم ترکیبی کد 1965 with Sku Of 0087403012000
2025/09/18 18:09:09 update.go:31: Updating Variant {"id":115002619,"product_id":175269428,"title":"کیف زنانه چرم ترکیبی کد 1965","price":0,"tax":null,"shipping":null,"weight":null,"length":null,"width":null,"height":null,"stock":1,"minimum":null,"maximum":null,"sku":"87403012000","image":null,"type":"commodity","status":["approved","online_payment","bank_payment","cash_on_delivery","shipping_required"],"files":null}
2025/09/18 18:09:09 portal.go:610: Updating variant : کوله پشتی مدل SP330 with Sku Of 0089490013000
2025/09/18 18:09:15 update.go:31: Updating Variant {"id":115002569,"product_id":175269342,"title":"کوله پشتی مدل SP330","price":0,"tax":null,"shipping":null,"weight":null,"length":null,"width":null,"height":null,"stock":1,"minimum":null,"maximum":null,"sku":"89490013000","image":null,"type":"commodity","status":["approved","online_payment","bank_payment","cash_on_delivery","shipping_required"],"files":null}
2025/09/18 18:09:15 portal.go:610: Updating variant : کوله پشتی مدل SP330 with Sku Of 0089498733000
2025/09/18 18:09:21 update.go:31: Updating Variant {"id":115002566,"product_id":175269340,"title":"کوله پشتی مدل SP330","price":0,"tax":null,"shipping":null,"weight":null,"length":null,"width":null,"height":null,"stock":1,"minimum":null,"maximum":null,"sku":"89498733000","image":null,"type":"commodity","status":["approved","online_payment","bank_payment","cash_on_delivery","shipping_required"],"files":null}
2025/09/18 18:09:21 portal.go:610: Updating variant : کوله پشتی مدل SP330 with Sku Of 0089490017000
2025/09/18 18:09:28 update.go:31: Updating Variant {"id":115002554,"product_id":175269328,"title":"کوله پشتی مدل SP330","price":0,"tax":null,"shipping":null,"weight":null,"length":null,"width":null,"height":null,"stock":1,"minimum":null,"maximum":null,"sku":"89490017000","image":null,"type":"commodity","status":["approved","online_payment","bank_payment","cash_on_delivery","shipping_required"],"files":null}
2025/09/18 18:09:29 portal.go:610: Updating variant : کوله پشتی مدل SP330 with Sku Of 0089498578000
2025/09/18 18:09:37 update.go:31: Updating Variant {"id":115002552,"product_id":175269326,"title":"کوله پشتی مدل SP330","price":0,"tax":null,"shipping":null,"weight":null,"length":null,"width":null,"height":null,"stock":1,"minimum":null,"maximum":null,"sku":"89498578000","image":null,"type":"commodity","status":["approved","online_payment","bank_payment","cash_on_delivery","shipping_required"],"files":null}
2025/09/18 18:09:37 portal.go:610: Updating variant : کوله پشتی مدل SP330 with Sku Of 0089498798000
2025/09/18 18:09:42 update.go:31: Updating Variant {"id":115002534,"product_id":175269323,"title":"کوله پشتی مدل SP330","price":0,"tax":null,"shipping":null,"weight":null,"length":null,"width":null,"height":null,"stock":1,"minimum":null,"maximum":null,"sku":"89498798000","image":null,"type":"commodity","status":["approved","online_payment","bank_payment","cash_on_delivery","shipping_required"],"files":null}
2025/09/18 18:09:43 portal.go:610: Updating variant : کیف زنانه چرم ترکیبی کد 1911 with Sku Of 0085810027000
2025/09/18 18:09:48 update.go:31: Updating Variant {"id":114925245,"product_id":175143504,"title":"کیف زنانه چرم ترکیبی کد 1911","price":0,"tax":null,"shipping":null,"weight":null,"length":null,"width":null,"height":null,"stock":1,"minimum":null,"maximum":null,"sku":"85810027000","image":null,"type":"commodity","status":["approved","online_payment","bank_payment","cash_on_delivery","shipping_required"],"files":null}
2025/09/18 18:09:48 portal.go:610: Updating variant : کیف زنانه چرم ترکیبی کد 1911 with Sku Of 0085810001000
2025/09/18 18:09:54 update.go:31: Updating Variant {"id":114925243,"product_id":175143502,"title":"کیف زنانه چرم ترکیبی کد 1911","price":0,"tax":null,"shipping":null,"weight":null,"length":null,"width":null,"height":null,"stock":4,"minimum":null,"maximum":null,"sku":"85810001000","image":null,"type":"commodity","status":["approved","online_payment","bank_payment","cash_on_delivery","shipping_required"],"files":null}
2025/09/18 18:09:54 portal.go:610: Updating variant : کیف زنانه چرم ترکیبی کد 1958 with Sku Of 0087420017000
2025/09/18 18:10:01 update.go:31: Updating Variant {"id":114925232,"product_id":175143498,"title":"کیف زنانه چرم ترکیبی کد 1958","price":0,"tax":null,"shipping":null,"weight":null,"length":null,"width":null,"height":null,"stock":1,"minimum":null,"maximum":null,"sku":"87420017000","image":null,"type":"commodity","status":["approved","online_payment","bank_payment","cash_on_delivery","shipping_required"],"files":null}
2025/09/18 18:10:01 portal.go:610: Updating variant : کیف زنانه چرم ترکیبی کد 1934 with Sku Of 0087393012000
